<html>
<body>
<pre>
<h1>µVision Build Log</h1>
<h2>Project:</h2>
I:\ECE 353\hw4_team13\Dist\p1\ece353_base_project.uvproj
Project File Date:  03/30/2014

<h2>Output:</h2>
Rebuild target 'base_project'
assembling Startup.s...
compiling main.c...
compiling initBoard.c...
compiling systick.c...
compiling hw4_adc.c...
hw4_adc.c(30): warning:  #550-D: variable "delay" was set but never used
compiling hw4_gpio.c...
hw4_gpio.c(181): error:  #20: identifier "ROW_ENABLE" is undefined
hw4_gpio.c(185): error:  #20: identifier "row" is undefined
hw4_gpio.c(188): error:  #20: identifier "color" is undefined
compiling led_chars.c...
Target not created
Load "I:\\ECE 353\\hw4_team13\\Dist\\p1\\ece353_base_project.AXF" 
_____^
*** error 56: cannot open file
Rebuild target 'base_project'
assembling Startup.s...
compiling main.c...
compiling initBoard.c...
compiling systick.c...
compiling hw4_adc.c...
hw4_adc.c(30): warning:  #550-D: variable "delay" was set but never used
compiling hw4_gpio.c...
compiling led_chars.c...
linking...
Program Size: Code=2612 RO-data=32 RW-data=220 ZI-data=4116  
"ece353_base_project.axf" - 0 Error(s), 1 Warning(s).
Load "I:\\ECE 353\\hw4_team13\\Dist\\p1\\ece353_base_project.AXF" 
Connecting: Mode=JTAG, Speed=1000000Hz
Erase Done.
Programming Done.
Verify OK.
Build target 'base_project'
compiling hw4_gpio.c...
linking...
Program Size: Code=2604 RO-data=32 RW-data=220 ZI-data=4116  
"ece353_base_project.axf" - 0 Error(s), 0 Warning(s).
Load "I:\\ECE 353\\hw4_team13\\Dist\\p1\\ece353_base_project.AXF" 
Connecting: Mode=JTAG, Speed=1000000Hz
Erase Done.
Programming Done.
Verify OK.
Rebuild target 'base_project'
assembling Startup.s...
compiling main.c...
compiling initBoard.c...
compiling systick.c...
compiling hw4_adc.c...
hw4_adc.c(30): warning:  #550-D: variable "delay" was set but never used
compiling hw4_gpio.c...
compiling led_chars.c...
linking...
Program Size: Code=3700 RO-data=160 RW-data=220 ZI-data=4116  
"ece353_base_project.axf" - 0 Error(s), 1 Warning(s).
Load "I:\\ECE 353\\hw4_team13\\Dist\\p1\\ece353_base_project.AXF" 
Connecting: Mode=JTAG, Speed=1000000Hz
Erase Done.
Programming Done.
Verify OK.
Build target 'base_project'
compiling systick.c...
linking...
Program Size: Code=3700 RO-data=160 RW-data=220 ZI-data=4116  
"ece353_base_project.axf" - 0 Error(s), 0 Warning(s).
Load "I:\\ECE 353\\hw4_team13\\Dist\\p1\\ece353_base_project.AXF" 
Connecting: Mode=JTAG, Speed=1000000Hz
Erase Done.
Programming Done.
Verify OK.
Build target 'base_project'
compiling hw4_gpio.c...
hw4_gpio.c(263): warning:  #550-D: variable "delay" was set but never used
linking...
Program Size: Code=3528 RO-data=160 RW-data=220 ZI-data=4100  
"ece353_base_project.axf" - 0 Error(s), 1 Warning(s).
Load "I:\\ECE 353\\hw4_team13\\Dist\\p1\\ece353_base_project.AXF" 
Connecting: Mode=JTAG, Speed=1000000Hz
Erase Done.
Programming Done.
Verify OK.
Load "I:\\ECE 353\\hw4_team13\\Dist\\p1\\ece353_base_project.AXF" 
Connecting: Mode=JTAG, Speed=1000000Hz
Erase Done.
Programming Done.
Verify OK.
Rebuild target 'base_project'
assembling Startup.s...
compiling main.c...
compiling initBoard.c...
compiling systick.c...
compiling hw4_adc.c...
hw4_adc.c(30): warning:  #550-D: variable "delay" was set but never used
compiling hw4_gpio.c...
hw4_gpio.c(250): warning:  #550-D: variable "delay" was set but never used
compiling led_chars.c...
linking...
Program Size: Code=3528 RO-data=160 RW-data=220 ZI-data=4100  
"ece353_base_project.axf" - 0 Error(s), 2 Warning(s).
Load "I:\\ECE 353\\hw4_team13\\Dist\\p1\\ece353_base_project.AXF" 
Connecting: Mode=JTAG, Speed=1000000Hz
Erase Done.
Programming Done.
Verify OK.
Build target 'base_project'
compiling systick.c...
linking...
Program Size: Code=3532 RO-data=160 RW-data=220 ZI-data=4100  
"ece353_base_project.axf" - 0 Error(s), 0 Warning(s).
Load "I:\\ECE 353\\hw4_team13\\Dist\\p1\\ece353_base_project.AXF" 
Connecting: Mode=JTAG, Speed=1000000Hz
Erase Done.
Programming Done.
Verify OK.
Build target 'base_project'
compiling hw4_gpio.c...
hw4_gpio.c(250): warning:  #550-D: variable "delay" was set but never used
linking...
Program Size: Code=3544 RO-data=160 RW-data=220 ZI-data=4100  
"ece353_base_project.axf" - 0 Error(s), 1 Warning(s).
Load "I:\\ECE 353\\hw4_team13\\Dist\\p1\\ece353_base_project.AXF" 
Connecting: Mode=JTAG, Speed=1000000Hz
Erase Done.
Programming Done.
Verify OK.
